// Jest Snapshot v1, https://goo.gl/fbAQLP

exports[`When it invokes the home page, should render it properly 1`] = `
<div>
  <div>
    <div
      class="sc-bdvvtL bwusyA"
    >
      <img
        src="logo192.png"
      />
      <span
        class="sc-gsDKAQ ioyFhy"
      >
        To-Do
      </span>
    </div>
    <div
      class="sc-eCImPb fGXFeQ"
    >
      <div
        class="sc-dkPtRN iLgXIo"
      >
        <div
          class="sc-hKwDye idgETy"
          color="var(--orange)"
        >
          Pending
        </div>
      </div>
      <div
        class="sc-dkPtRN iLgXIo"
      >
        <div
          class="sc-hKwDye fnBAbJ"
          color="var(--green)"
        >
          Completed
        </div>
      </div>
    </div>
  </div>
</div>
`;
