// Jest Snapshot v1, https://goo.gl/fbAQLP

exports[`When it invokes the home page, should render it properly 1`] = `
<div>
  <div
    class="sc-bdvvtL eVLpMw"
  >
    <img
      src="logo192.png"
    />
    <span
      class="sc-gsDKAQ ikgMXT"
    >
      To-Do
    </span>
  </div>
  <div
    class="sc-furwcr jLYsIH"
  >
    <div
      class="sc-gKclnd krsbMJ"
    >
      <span
        class="sc-iCfMLu gGWsLY"
      >
        +
      </span>
    </div>
  </div>
</div>
`;
